// Jest Snapshot v1, https://goo.gl/fbAQLP

exports[`Welcome should render properly 1`] = `
<h3>
  Welcome to React Testing
</h3>
`;
